
Map of Debug\random_ticker.sm8 from link file Debug\random_ticker.lkf - Sun Dec 17 18:57:47 2023


                               --------
                               Segments
                               --------

start 00008080 end 00008080 length     0 segment .const
start 0000809b end 000084da length  1087 segment .text
start 00004000 end 00004000 length     0 segment .eeprom
start 00000000 end 00000013 length    19 segment .bsct, initialized
start 00008088 end 0000809b length    19 segment .bsct, from
start 00000013 end 000000b8 length   165 segment .ubsct
start 000000b8 end 000000b8 length     0 segment .bit
start 000000b8 end 000000b8 length     0 segment .share
start 00000100 end 00000100 length     0 segment .data
start 00000100 end 00000100 length     0 segment .bss
start 00000000 end 00000250 length   592 segment .info.
start 00000000 end 000006d3 length  1747 segment .debug
start 00008000 end 00008080 length   128 segment .const
start 00008080 end 00008088 length     8 segment .init


                               -------
                               Modules
                               -------

C:\Program Files (x86)\COSMIC\FSE_Compilers\CXSTM8\lib\crtsi0.sm8:
start 0000809b end 000080eb length    80 section .text
start 00000100 end 00000100 length     0 section .bss
start 00000013 end 00000013 length     0 section .ubsct
start 00000000 end 00000034 length    52 section .info.

Debug\i2c.o:
start 00000000 end 00000044 length    68 section .debug
start 00000034 end 0000009f length   107 section .info.

Debug\main.o:
start 000080eb end 000084b5 length   970 section .text
start 00000000 end 00000013 length    19 section .bsct
start 00000013 end 000000b2 length   159 section .ubsct
start 00000044 end 00000568 length  1316 section .debug
start 0000009f end 0000010b length   108 section .info.

(C:\Program Files (x86)\COSMIC\FSE_Compilers\CXSTM8\lib\libm0.sm8)imul.o:
start 000084b5 end 000084d9 length    36 section .text
start 0000010b end 0000013a length    47 section .info.

(C:\Program Files (x86)\COSMIC\FSE_Compilers\CXSTM8\lib\libm0.sm8)xreg.o:
start 000000b2 end 000000b5 length     3 section .ubsct
start 0000013a end 00000169 length    47 section .info.

(C:\Program Files (x86)\COSMIC\FSE_Compilers\CXSTM8\lib\libm0.sm8)yreg.o:
start 000000b5 end 000000b8 length     3 section .ubsct
start 00000169 end 00000198 length    47 section .info.

Debug\stm8_interrupt_vector.o:
start 000084d9 end 000084da length     1 section .text
start 00000568 end 000006d3 length   363 section .debug
start 00000198 end 00000215 length   125 section .info.
start 00008000 end 00008080 length   128 section .const


                             -----------
                             Stack usage
                             -----------

Debug\main.o:
_DS07read                   6   (2)
_DS1307init                 6   (2)
_clear_matrix          >    3   (3)
_delay                      4   (4)
_fraim_out                 13   (4)
_main                  >   15   (2)
_raand                      9   (7)
f_EXTI3_IRQHandler     >    6   (6)

Debug\stm8_interrupt_vector.o:
f_NonHandledInterrupt  >    6   (6)

Stack size: 21


                              ---------
                              Call tree
                              ---------
   1 > __stext: (0)

   2 > _clear_matrix: (3)

   3 > _main: (2)
   4      + _DS07read: (2)
   5      |    + _delay: (4)
          | 
   6      + _DS1307init: (2)
   7      |    + _delay --> 5
          | 
   8      + _delay --> 5
   9      + _fraim_out: (4)
  10      |    + _DS07read --> 4
  11      |    + _delay --> 5
  12      |    + _raand: (7)
          | 
  13      + _raand --> 12
       
  14 > f_EXTI3_IRQHandler: (6)

  15 > f_NonHandledInterrupt: (6)

  16   _DS07read --> 4

  17   _DS1307init --> 6

  18   _delay --> 5

  19   _fraim_out --> 9

  20   _raand --> 12



                               -------
                               Symbols
                               -------

_DS07read               00008215   defined in Debug\main.o section .text
_DS1307init             00008162   defined in Debug\main.o section .text
_SB1                    00000015   defined in Debug\main.o section .ubsct
__endmem                000001ff   defined in command file
                                   *** not used ***
__endzp                 000000b8   defined in command file section .ubsct
                                   used in C:\Program Files (x86)\COSMIC\FSE_Compilers\CXSTM8\lib\crtsi0.sm8
__idesc__               00008080   defined in linker section .init
                                   used in C:\Program Files (x86)\COSMIC\FSE_Compilers\CXSTM8\lib\crtsi0.sm8
__memory                00000100   defined in command file section .bss
                                   used in C:\Program Files (x86)\COSMIC\FSE_Compilers\CXSTM8\lib\crtsi0.sm8
__stack                 000003ff   defined in command file
                                   used in C:\Program Files (x86)\COSMIC\FSE_Compilers\CXSTM8\lib\crtsi0.sm8
__startmem              00000100   defined in command file section .bss
                                   *** not used ***
__stext                 0000809b   defined in C:\Program Files (x86)\COSMIC\FSE_Compilers\CXSTM8\lib\crtsi0.sm8 section .text
                                   used in Debug\stm8_interrupt_vector.o
__vectab                00008000   defined in Debug\stm8_interrupt_vector.o section .const
_alar                   000000ad   defined in Debug\main.o section .ubsct
_buf                    0000001d   defined in Debug\main.o section .ubsct
_butcount               00000011   defined in Debug\main.o section .bsct, initialized
_clear_matrix           00008311   defined in Debug\main.o section .text
_delay                  000080eb   defined in Debug\main.o section .text
_eff111                 00000065   defined in Debug\main.o section .ubsct
_exit                   000080e9   defined in C:\Program Files (x86)\COSMIC\FSE_Compilers\CXSTM8\lib\crtsi0.sm8 section .text
_fraim                  0000001b   defined in Debug\main.o section .ubsct
_fraim_out              00008327   defined in Debug\main.o section .text
_hour                   00000016   defined in Debug\main.o section .ubsct
_i                      00000008   defined in Debug\main.o section .bsct, initialized
_ii                     00000002   defined in Debug\main.o section .bsct, initialized
_iii                    00000000   defined in Debug\main.o section .bsct, initialized
_ip                     00000013   defined in Debug\main.o section .ubsct
_l                      00000006   defined in Debug\main.o section .bsct, initialized
_main                   000083c3   defined in Debug\main.o section .text
                                   used in C:\Program Files (x86)\COSMIC\FSE_Compilers\CXSTM8\lib\crtsi0.sm8
_min                    00000017   defined in Debug\main.o section .ubsct
_next                   000000b0   defined in Debug\main.o section .ubsct
_next2                  000000ae   defined in Debug\main.o section .ubsct
_raand                  000082b7   defined in Debug\main.o section .text
_sec                    00000018   defined in Debug\main.o section .ubsct
_speed                  0000000f   defined in Debug\main.o section .bsct, initialized
_swres                  0000000e   defined in Debug\main.o section .bsct, initialized
_x                      00000019   defined in Debug\main.o section .ubsct
_xx                     0000000a   defined in Debug\main.o section .bsct, initialized
_xxx                    0000000c   defined in Debug\main.o section .bsct, initialized
_y                      00000004   defined in Debug\main.o section .bsct, initialized
c_imul                  000084b5   defined in (C:\Program Files (x86)\COSMIC\FSE_Compilers\CXSTM8\lib\libm0.sm8)imul.o section .text
                                   used in Debug\main.o
c_x                     000000b2   defined in (C:\Program Files (x86)\COSMIC\FSE_Compilers\CXSTM8\lib\libm0.sm8)xreg.o section .ubsct
                                   used in C:\Program Files (x86)\COSMIC\FSE_Compilers\CXSTM8\lib\crtsi0.sm8
                                           (C:\Program Files (x86)\COSMIC\FSE_Compilers\CXSTM8\lib\libm0.sm8)imul.o
c_y                     000000b5   defined in (C:\Program Files (x86)\COSMIC\FSE_Compilers\CXSTM8\lib\libm0.sm8)yreg.o section .ubsct
                                   used in C:\Program Files (x86)\COSMIC\FSE_Compilers\CXSTM8\lib\crtsi0.sm8
f_EXTI3_IRQHandler      000080ff   defined in Debug\main.o section .text
                                   used in Debug\stm8_interrupt_vector.o
f_NonHandledInterrupt   000084d9   defined in Debug\stm8_interrupt_vector.o section .text
